
> social-media-manager@0.1.0 build
> prisma generate && next build

Environment variables loaded from .env
Prisma schema loaded from prisma/schema.prisma

✔ Generated Prisma Client (v5.22.0) to ./node_modules/@prisma/client in 2.65s

Start by importing your Prisma Client (See: https://pris.ly/d/importing-client)

Tip: Curious about the SQL queries Prisma ORM generates? Optimize helps you enhance your visibility: https://pris.ly/tip-2-optimize

⨯ Unable to acquire lock at /home/aziz/social-media-manager/.next/lock, is another instance of next build running?
  Suggestion: If you intended to restart next build, terminate the other process, and then try again.
